// Jest Snapshot v1, https://goo.gl/fbAQLP

exports[`Pruebas sobre el componente <GifGridItem /> Debe de mostrar el componente correctamente  1`] = `
<div
  className="card animate__animated animate__fadeIn"
>
  <img
    alt="Titulo"
    src="https://localhost/nofind.jpg"
  />
  <p>
    Titulo
  </p>
</div>
`;
